// Jest Snapshot v1, https://goo.gl/fbAQLP

exports[`Under Construction Component Rendering should test Under construction component 1`] = `
<div
  className="makeStyles-root-1"
>
  <WithStyles(ForwardRef(Container))
    className="makeStyles-main-2"
    component="main"
    maxWidth="sm"
  >
    <WithStyles(ForwardRef(Typography))
      component="h1"
      gutterBottom={true}
      variant="h2"
    >
      Coming Soon
    </WithStyles(ForwardRef(Typography))>
    <WithStyles(ForwardRef(Typography))
      component="h2"
      gutterBottom={true}
      variant="h5"
    >
      Our page is under contruction.
    </WithStyles(ForwardRef(Typography))>
    <WithStyles(ForwardRef(Typography))
      variant="body1"
    >
      <NavLink
        style={
          Object {
            "textDecoration": "none",
          }
        }
        to="/"
      >
        Go to the Scenario Manager
      </NavLink>
    </WithStyles(ForwardRef(Typography))>
  </WithStyles(ForwardRef(Container))>
</div>
`;
