// Jest Snapshot v1, https://goo.gl/fbAQLP

exports[`More Button Component Rendering should test More Button component 1`] = `
<div
  className="makeStyles-root-1"
>
  <WithStyles(ForwardRef(Button))
    color="primary"
    variant="outlined"
  >
    More Details
  </WithStyles(ForwardRef(Button))>
</div>
`;
